// Jest Snapshot v1, https://goo.gl/fbAQLP

exports[`DetailPageItem matches the snapshot 1`] = `
<div
  class="MuiBox-root css-0"
>
  <p
    class="MuiTypography-root MuiTypography-body1 css-ahj2mt-MuiTypography-root"
  >
    <strong>
      test
    </strong>
  </p>
  <div>
    Hello World!
  </div>
</div>
`;
