// Jest Snapshot v1, https://goo.gl/fbAQLP

exports[`DoorList renders correctly and matches snapshot 1`] = `<DocumentFragment />`;
